// Jest Snapshot v1, https://goo.gl/fbAQLP

exports[`<Plant /> #render matches snapshot 1`] = `
<Fragment>
  <button
    onClick={[Function]}
  >
    Try again
  </button>
  <h1>
    Stubbed Plant
  </h1>
  <h2>
    not game over
  </h2>
  <h2>
    have not won
  </h2>
  <button
    className="taskButton"
    onClick={[Function]}
  >
    Water
  </button>
  <p>
    0
  </p>
  <p>
    Keep going...
  </p>
  <button
    className="taskButton"
    onClick={[Function]}
  >
    Give Light
  </button>
  <p>
    0
  </p>
  <p>
    Keep going...
  </p>
  <button
    className="taskButton"
    onClick={[Function]}
  >
    Fertilizer
  </button>
  <p>
    0
  </p>
  <p>
    Keep going...
  </p>
  <img
    alt="Stubbed Plant"
    src="picture.url"
    style={
      Object {
        "width": "10%",
      }
    }
  />
</Fragment>
`;
