// Jest Snapshot v1, https://goo.gl/fbAQLP

exports[`<PlantList /> #render matches snapshot 1`] = `
<ul
  className="unstyledList"
>
  <PlantInfo
    key="1"
    plant={
      Object {
        "key": "1",
        "name": "Herbs",
        "needs": Object {
          "fertilizer": 4,
          "sunlight": 5,
          "water": 6,
        },
        "picture": "https://encrypted-tbn0.gstatic.com/images?q=tbn:ANd9GcR5BZubtgkC5zoKphMnbSWcOvH3dcRNnFutoN0nj6WF-07p0swM",
        "slug": "herbs",
      }
    }
  />
  <PlantInfo
    key="2"
    plant={
      Object {
        "key": "2",
        "name": "Carrots",
        "needs": Object {
          "fertilizer": 9,
          "sunlight": 8,
          "water": 10,
        },
        "picture": "https://hgtvhome.sndimg.com/content/dam/images/hgtv/fullset/2018/3/21/0/shutterstock_221550766_Lukas-Gojda_carrot-plants.jpg.rend.hgtvcom.616.411.suffix/1521655913719.jpeg",
        "slug": "carrots",
      }
    }
  />
  <PlantInfo
    key="3"
    plant={
      Object {
        "key": "3",
        "name": "Cucumbers",
        "needs": Object {
          "fertilizer": 7,
          "sunlight": 5,
          "water": 10,
        },
        "picture": "https://www.attainable-sustainable.net/wp-content/uploads/2018/02/growing-cucumbers.jpg",
        "slug": "cucumbers",
      }
    }
  />
</ul>
`;
